$ bun run --watch src/main.ts
✅ Types regenerated
┌─────────────────────────────┐
│                             │
│       Elysia v1.4.28        │
│                             │
│  🦊  http://localhost:3000  │
│                             │
└─────────────────────────────┘
🦊 Elysia is running at localhost:3000
🦊 2026-08-18 23:38:17.892 INFO 3.1s GET     /health-check 200  
[2m2026-08-18T16:38:22.450Z[0m [33mWARN[0m [1m[Better Auth]:[0m Rate limiting skipped: could not determine client IP address. Ensure your runtime forwards a trusted client IP header and configure `advanced.ipAddress.ipAddressHeaders` if needed.
🦊 2026-08-18 23:38:22.686 INFO 269ms GET     /auth/api/get-session 200  
🦊 2026-08-18 23:38:22.859 INFO 24ms GET     /auth/api/get-session 200  
🦊 2026-08-18 23:38:22.906 INFO 45ms GET     /auth/api/organization/get-active-member 200  
🦊 2026-08-18 23:38:22.927 INFO 16ms GET     /api/notifications/vapid-public-key 200  
🦊 2026-08-18 23:38:22.972 INFO 29ms GET     /api/notifications/unread-count 200  
🦊 2026-08-18 23:38:22.976 INFO 33ms GET     /api/pin/current 200  
🦊 2026-08-18 23:38:22.990 INFO 47ms GET     /api/barbershop 200  
🦊 2026-08-18 23:38:22.991 INFO 48ms GET     /api/open-hours 200  
🦊 2026-08-18 23:38:22.999 INFO 56ms GET     /api/barbershop/list 200  
🦊 2026-08-18 23:38:23.016 INFO 6ms GET     /api/notifications/unread-count-by-org 200  
🦊 2026-08-18 23:38:23.139 INFO 55ms GET     /api/bookings/summary 200  
🦊 2026-08-18 23:38:23.157 INFO 73ms GET     /api/bookings/events 200  
🦊 2026-08-18 23:38:23.166 INFO 81ms GET     /api/bookings/requests 200  
🦊 2026-08-18 23:38:23.166 INFO 82ms GET     /api/bookings 200  
🦊 2026-08-18 23:38:23.167 INFO 82ms GET     /api/bookings/in-progress 200  
🦊 2026-08-18 23:38:23.172 INFO 88ms POST    /api/notifications/web-push/subscribe 200  
🦊 2026-08-18 23:38:53.465 INFO 126ms GET     /auth/api/get-session 200  
🦊 2026-08-18 23:38:53.466 INFO 128ms GET     /api/bookings/events 200  
🦊 2026-08-18 23:38:53.593 INFO 39ms GET     /auth/api/get-session 200  
🦊 2026-08-18 23:38:53.631 INFO 5ms GET     /api/pin/current 200  
🦊 2026-08-18 23:38:53.694 INFO 27ms GET     /api/barbershop 200  
🦊 2026-08-18 23:38:53.695 INFO 28ms GET     /api/notifications/unread-count-by-org 200  
🦊 2026-08-18 23:38:53.702 INFO 36ms GET     /api/open-hours 200  
🦊 2026-08-18 23:38:53.708 INFO 41ms GET     /auth/api/organization/get-active-member 200  
🦊 2026-08-18 23:38:53.728 INFO 7ms GET     /api/notifications/unread-count 200  
🦊 2026-08-18 23:38:53.742 INFO 11ms GET     /api/notifications/vapid-public-key 200  
🦊 2026-08-18 23:38:53.794 INFO 27ms GET     /api/barbershop/list 200  
🦊 2026-08-18 23:38:53.829 INFO 62ms GET     /api/bookings/summary 200  
🦊 2026-08-18 23:38:53.860 INFO 30ms GET     /api/bookings 200  
🦊 2026-08-18 23:38:53.897 INFO 66ms GET     /api/bookings/requests 200  
🦊 2026-08-18 23:38:53.905 INFO 74ms GET     /api/bookings/in-progress 200  
🦊 2026-08-18 23:38:53.910 INFO 80ms POST    /api/notifications/web-push/subscribe 200  
🦊 2026-08-18 23:38:57.575 INFO 41ms POST    /api/pin/generate 200  
🦊 2026-08-18 23:38:57.587 INFO 5ms GET     /api/pin/current 200  
🦊 2026-08-18 23:38:58.683 INFO 6ms POST    /api/pin/generate 200  
🦊 2026-08-18 23:38:58.692 INFO 5ms GET     /api/pin/current 200  
🦊 2026-08-18 23:39:22.893 INFO 77ms GET     /api/bookings/events 200  
🦊 2026-08-18 23:40:25.906 INFO 69ms GET     /api/bookings/events 200  
🦊 2026-08-18 23:41:09.120 INFO 81ms GET     /api/bookings/date-markers 200  
🦊 2026-08-18 23:41:09.126 INFO 87ms GET     /api/bookings 200  
🦊 2026-08-18 23:41:28.926 INFO 78ms GET     /api/bookings/events 200  
🦊 2026-08-18 23:41:57.913 INFO 77ms GET     /api/bookings/events 200  
🦊 2026-08-18 23:43:00.926 INFO 60ms GET     /api/bookings/events 200  
🦊 2026-08-18 23:43:20.481 INFO 57ms GET     /api/notifications/vapid-public-key 200  
🦊 2026-08-18 23:43:20.482 INFO 59ms GET     /auth/api/get-session 200  
🦊 2026-08-18 23:43:20.507 INFO 6ms POST    /api/notifications/web-push/subscribe 200  
🦊 2026-08-18 23:43:35.919 INFO 49ms GET     /auth/api/get-session 200  
🦊 2026-08-18 23:43:35.920 INFO 50ms GET     /api/notifications/vapid-public-key 200  
🦊 2026-08-18 23:43:35.940 INFO 5ms POST    /api/notifications/web-push/subscribe 200  
🦊 2026-08-18 23:44:03.942 INFO 78ms GET     /api/bookings/events 200  
🦊 2026-08-18 23:44:32.898 INFO 53ms GET     /api/bookings/events 200  
🦊 2026-08-18 23:45:35.949 INFO 77ms GET     /api/bookings/events 200  
🦊 2026-08-18 23:45:44.253 INFO 34ms GET     /auth/api/get-session 200  
🦊 2026-08-18 23:45:44.385 INFO 11ms GET     /auth/api/get-session 200  
🦊 2026-08-18 23:45:44.427 INFO 25ms GET     /api/bookings/events 200  
🦊 2026-08-18 23:45:44.432 INFO 30ms GET     /api/open-hours 200  
🦊 2026-08-18 23:45:44.439 INFO 4ms GET     /api/pin/current 200  
🦊 2026-08-18 23:45:44.440 INFO 5ms GET     /api/barbershop 200  
🦊 2026-08-18 23:45:44.441 INFO 5ms GET     /api/notifications/unread-count-by-org 200  
🦊 2026-08-18 23:45:44.449 INFO 8ms GET     /api/notifications/unread-count 200  
🦊 2026-08-18 23:45:44.455 INFO 2ms GET     /api/notifications/vapid-public-key 200  
🦊 2026-08-18 23:45:44.459 INFO 6ms GET     /auth/api/organization/get-active-member 200  
🦊 2026-08-18 23:45:44.475 INFO 14ms GET     /api/barbershop/list 200  
🦊 2026-08-18 23:45:44.477 INFO 2ms GET     /api/bookings/summary 200  
🦊 2026-08-18 23:45:44.490 INFO 1ms GET     /api/bookings 200  
🦊 2026-08-18 23:45:44.493 INFO 4ms GET     /api/bookings/requests 200  
🦊 2026-08-18 23:45:44.505 INFO 16ms GET     /api/bookings/in-progress 200  
🦊 2026-08-18 23:45:44.506 INFO 17ms POST    /api/notifications/web-push/subscribe 200  
🦊 2026-08-18 23:46:46.978 INFO 86ms GET     /api/bookings/events 200  
🦊 2026-08-18 23:47:49.981 INFO 65ms GET     /api/bookings/events 200  
🦊 2026-08-18 23:48:53.017 INFO 73ms GET     /api/bookings/events 200  
🦊 2026-08-18 23:49:07.244 INFO 50ms GET     /api/notifications/vapid-public-key 200  
🦊 2026-08-18 23:49:07.246 INFO 52ms GET     /auth/api/get-session 200  
🦊 2026-08-18 23:49:07.275 INFO 9ms POST    /api/notifications/web-push/subscribe 200  
🦊 2026-08-18 23:49:19.656 INFO 47ms GET     /api/notifications/vapid-public-key 200  
🦊 2026-08-18 23:49:19.657 INFO 48ms GET     /auth/api/get-session 200  
🦊 2026-08-18 23:49:19.725 INFO 51ms POST    /api/notifications/web-push/subscribe 200  
🦊 2026-08-18 23:49:52.261 INFO 75ms GET     /api/notifications/vapid-public-key 200  
🦊 2026-08-18 23:49:52.262 INFO 76ms GET     /auth/api/get-session 200  
🦊 2026-08-18 23:49:52.283 INFO 4ms POST    /api/notifications/web-push/subscribe 200  
🦊 2026-08-18 23:49:55.961 INFO 7ms GET     /api/bookings/events 200  
🦊 2026-08-18 23:50:25.010 INFO 71ms GET     /api/bookings/events 200  
🦊 2026-08-18 23:51:28.057 INFO 88ms GET     /api/bookings/events 200  
🦊 2026-08-18 23:52:31.067 INFO 76ms GET     /api/bookings/events 200  
🦊 2026-08-18 23:53:34.102 INFO 80ms GET     /api/bookings/events 200  
🦊 2026-08-18 23:54:37.166 INFO 88ms GET     /api/bookings/events 200  
🦊 2026-08-18 23:55:40.178 INFO 71ms GET     /api/bookings/events 200  
🦊 2026-08-18 23:56:43.205 INFO 67ms GET     /api/bookings/events 200  
🦊 2026-08-18 23:57:46.250 INFO 83ms GET     /api/bookings/events 200  
🦊 2026-08-18 23:58:49.267 INFO 78ms GET     /api/bookings/events 200  
🦊 2026-08-18 23:59:52.351 INFO 94ms GET     /api/bookings/events 200  
[Notifications] Cleanup: deleted 16 notifications older than 30 days
🦊 2026-08-19 00:00:55.417 INFO 121ms GET     /api/bookings/events 200  
🦊 2026-08-19 00:01:58.389 INFO 73ms GET     /api/bookings/events 200  
🦊 2026-08-19 00:02:16.435 INFO 86ms GET     /api/bookings/date-markers 200  
🦊 2026-08-19 00:02:16.452 INFO 103ms GET     /api/bookings 200  
🦊 2026-08-19 00:02:16.454 INFO 105ms GET     /api/bookings/requests 200  
🦊 2026-08-19 00:02:30.896 INFO 150ms GET     /api/analytics 200  
🦊 2026-08-19 00:02:55.903 INFO 71ms GET     /auth/api/get-session 200  
🦊 2026-08-19 00:02:58.128 INFO 2ms GET     /auth/api/get-session 200  
🦊 2026-08-19 00:02:58.151 INFO 16ms GET     /api/pin/current 200  
🦊 2026-08-19 00:02:58.215 INFO 24ms GET     /api/bookings/requests 200  
🦊 2026-08-19 00:02:58.217 INFO 27ms GET     /api/bookings/events 200  
🦊 2026-08-19 00:02:58.219 INFO 1ms GET     /api/open-hours 200  
🦊 2026-08-19 00:02:58.222 INFO 4ms GET     /api/notifications/unread-count-by-org 200  
🦊 2026-08-19 00:02:58.222 INFO 4ms GET     /api/notifications/unread-count 200  
🦊 2026-08-19 00:02:58.225 INFO 0.51ms GET     /api/barbershop 200  
🦊 2026-08-19 00:02:58.231 INFO 3ms GET     /api/bookings/in-progress 200  
🦊 2026-08-19 00:02:58.239 INFO 4ms GET     /api/bookings/date-markers 200  
🦊 2026-08-19 00:02:58.251 INFO 3ms GET     /api/bookings 200  
🦊 2026-08-19 00:02:58.257 INFO 9ms GET     /api/bookings/requests 200  
🦊 2026-08-19 00:02:58.258 INFO 10ms GET     /api/bookings/summary 200  
🦊 2026-08-19 00:02:58.260 INFO 0.14ms GET     /api/bookings 200  
🦊 2026-08-19 00:02:58.262 INFO 1ms GET     /api/barbershop/list 200  
🦊 2026-08-19 00:02:58.263 INFO 2ms GET     /auth/api/get-session 200  
🦊 2026-08-19 00:02:58.266 INFO 6ms GET     /api/bookings/summary 200  
🦊 2026-08-19 00:02:58.270 INFO 10ms GET     /api/bookings 200  
🦊 2026-08-19 00:04:04.457 INFO 70ms GET     /api/bookings/events 200  
🦊 2026-08-19 00:04:04.461 INFO 74ms GET     /api/pin/current 200  
🦊 2026-08-19 00:04:04.468 INFO 81ms GET     /auth/api/get-session 200  
🦊 2026-08-19 00:04:04.468 INFO 81ms GET     /api/bookings/date-markers 200  
🦊 2026-08-19 00:04:04.474 INFO 0.29ms GET     /api/bookings 200  
🦊 2026-08-19 00:04:04.474 INFO 0.55ms GET     /api/bookings/in-progress 200  
🦊 2026-08-19 00:04:04.488 INFO 11ms GET     /api/bookings/summary 200  
🦊 2026-08-19 00:04:04.500 INFO 23ms GET     /api/bookings/requests 200  
🦊 2026-08-19 00:04:04.554 INFO 21ms GET     /api/bookings 200  
🦊 2026-08-19 00:04:04.561 INFO 27ms GET     /auth/api/get-session 200  
🦊 2026-08-19 00:04:04.585 INFO 51ms GET     /api/analytics 200  
🦊 2026-08-19 00:05:07.369 INFO 30ms GET     /api/bookings/events 200  
🦊 2026-08-19 00:05:52.529 INFO 89ms GET     /auth/api/get-session 200  
🦊 2026-08-19 00:05:52.539 INFO 98ms GET     /api/pin/current 200  
🦊 2026-08-19 00:05:52.542 INFO 101ms GET     /api/bookings/events 200  
🦊 2026-08-19 00:05:52.562 INFO 9ms GET     /api/bookings/in-progress 200  
🦊 2026-08-19 00:05:52.566 INFO 13ms GET     /api/bookings 200  
🦊 2026-08-19 00:05:52.569 INFO 16ms GET     /api/bookings/date-markers 200  
🦊 2026-08-19 00:05:52.586 INFO 4ms GET     /api/bookings/requests 200  
🦊 2026-08-19 00:05:52.586 INFO 4ms GET     /api/bookings/summary 200  
🦊 2026-08-19 00:05:52.619 INFO 37ms GET     /api/bookings 200  
🦊 2026-08-19 00:05:52.658 INFO 38ms GET     /auth/api/get-session 200  
🦊 2026-08-19 00:05:52.677 INFO 58ms GET     /api/analytics 200  
🦊 2026-08-19 00:06:13.082 INFO 52ms GET     /api/notifications/vapid-public-key 200  
🦊 2026-08-19 00:06:13.108 INFO 11ms POST    /api/notifications/web-push/subscribe 200  
🦊 2026-08-19 00:06:13.164 INFO 9ms PATCH   /api/notifications/read-all 200  
🦊 2026-08-19 00:06:13.171 INFO 2ms GET     /api/notifications/unread-count 200  
🦊 2026-08-19 00:06:13.197 INFO 28ms GET     /api/notifications/unread-count-by-org 200  
🦊 2026-08-19 00:06:13.199 INFO 30ms GET     /api/notifications 200  
🦊 2026-08-19 00:06:23.814 INFO 51ms GET     /api/bookings/tf0ooDxCOYL7d-_-iNu6s 200  
🦊 2026-08-19 00:06:55.458 INFO 78ms GET     /api/bookings/events 200  
🦊 2026-08-19 00:07:58.498 INFO 91ms GET     /api/bookings/events 200  
🦊 2026-08-19 00:09:01.506 INFO 78ms GET     /api/bookings/events 200  
🦊 2026-08-19 00:10:04.474 INFO 11ms GET     /api/bookings/events 200  
🦊 2026-08-19 00:10:36.514 INFO 70ms GET     /api/bookings/events 200  
🦊 2026-08-19 00:11:39.552 INFO 75ms GET     /api/bookings/events 200  
🦊 2026-08-19 00:12:42.580 INFO 81ms GET     /api/bookings/events 200  
🦊 2026-08-19 00:13:45.603 INFO 76ms GET     /api/bookings/events 200  
🦊 2026-08-19 00:14:48.614 INFO 66ms GET     /api/bookings/events 200  
🦊 2026-08-19 00:15:51.625 INFO 89ms GET     /api/bookings/events 200  
🦊 2026-08-19 00:16:54.630 INFO 77ms GET     /api/bookings/events 200  
🦊 2026-08-19 00:17:57.660 INFO 81ms GET     /api/bookings/events 200  
🦊 2026-08-19 00:19:00.685 INFO 84ms GET     /api/bookings/events 200  
🦊 2026-08-19 00:20:03.639 INFO 13ms GET     /api/bookings/events 200  
🦊 2026-08-19 00:20:35.674 INFO 53ms GET     /api/bookings/events 200  
🦊 2026-08-19 00:21:38.795 INFO 123ms GET     /api/bookings/events 200  
🦊 2026-08-19 00:22:41.782 INFO 97ms GET     /api/bookings/events 200  
🦊 2026-08-19 00:23:45.035 INFO 165ms GET     /api/bookings/events 200  
🦊 2026-08-19 00:24:48.228 INFO 207ms GET     /api/bookings/events 200  
🦊 2026-08-19 00:25:12.998 INFO 99ms GET     /api/open-hours 200  
🦊 2026-08-19 00:25:14.975 INFO 23ms GET     /api/services 200  
🦊 2026-08-19 00:25:16.392 INFO 32ms GET     /api/barbershop 200  
🦊 2026-08-19 00:25:16.444 INFO 84ms GET     /api/bookings 200  
🦊 2026-08-19 00:25:16.445 INFO 84ms GET     /api/bookings/requests 200  
🦊 2026-08-19 00:25:16.479 INFO 119ms GET     /api/bookings/date-markers 200  
🦊 2026-08-19 00:25:16.516 INFO 156ms GET     /api/analytics 200  
🦊 2026-08-19 00:25:20.004 INFO 88ms GET     /auth/api/get-session 200  
🦊 2026-08-19 00:25:20.195 INFO 39ms GET     /auth/api/organization/get-active-member 200  
🦊 2026-08-19 00:25:20.209 INFO 53ms GET     /api/services 200  
🦊 2026-08-19 00:25:22.611 INFO 22ms GET     /api/services/XVhUYyGRhszkjnn1l5xSB 200  
🦊 2026-08-19 00:25:27.663 INFO 4ms GET     /auth/api/get-session 200  
🦊 2026-08-19 00:25:27.677 INFO 4ms GET     /api/notifications/unread-count-by-org 200  
🦊 2026-08-19 00:25:27.681 INFO 8ms GET     /api/notifications/vapid-public-key 200  
🦊 2026-08-19 00:25:27.729 INFO 31ms GET     /api/pin/current 200  
🦊 2026-08-19 00:25:27.729 INFO 32ms GET     /api/bookings/summary 200  
🦊 2026-08-19 00:25:27.733 INFO 1ms GET     /api/barbershop/list 200  
🦊 2026-08-19 00:25:27.737 INFO 5ms GET     /api/notifications/unread-count 200  
🦊 2026-08-19 00:25:27.740 INFO 2ms GET     /api/barbershop 200  
🦊 2026-08-19 00:25:27.740 INFO 2ms GET     /api/open-hours 200  
🦊 2026-08-19 00:25:27.795 INFO 23ms GET     /api/bookings/in-progress 200  
🦊 2026-08-19 00:25:27.796 INFO 24ms GET     /api/bookings/events 200  
🦊 2026-08-19 00:25:27.796 INFO 24ms GET     /api/bookings 200  
🦊 2026-08-19 00:25:27.802 INFO 30ms GET     /api/bookings/requests 200  
🦊 2026-08-19 00:25:27.805 INFO 34ms POST    /api/notifications/web-push/subscribe 200  
🦊 2026-08-19 00:25:34.569 INFO 45ms GET     /auth/api/get-session 200  
🦊 2026-08-19 00:25:34.578 INFO 53ms GET     /api/bookings/events 200  
🦊 2026-08-19 00:25:34.676 INFO 6ms GET     /auth/api/get-session 200  
🦊 2026-08-19 00:25:34.690 INFO 4ms GET     /api/pin/current 200  
🦊 2026-08-19 00:25:34.691 INFO 5ms GET     /api/notifications/unread-count-by-org 200  
🦊 2026-08-19 00:25:34.703 INFO 9ms GET     /api/barbershop 200  
🦊 2026-08-19 00:25:34.704 INFO 10ms GET     /api/open-hours 200  
🦊 2026-08-19 00:25:34.705 INFO 12ms GET     /api/notifications/unread-count 200  
🦊 2026-08-19 00:25:34.734 INFO 15ms GET     /api/barbershop/list 200  
🦊 2026-08-19 00:25:34.737 INFO 17ms GET     /api/bookings/summary 200  
🦊 2026-08-19 00:25:34.757 INFO 3ms GET     /api/bookings 200  
🦊 2026-08-19 00:25:34.763 INFO 10ms GET     /api/bookings/requests 200  
🦊 2026-08-19 00:25:34.763 INFO 10ms GET     /auth/api/organization/get-active-member 200  
🦊 2026-08-19 00:25:34.765 INFO 12ms GET     /api/notifications/vapid-public-key 200  
🦊 2026-08-19 00:25:34.766 INFO 13ms GET     /api/bookings/in-progress 200  
🦊 2026-08-19 00:25:34.868 INFO 24ms POST    /api/notifications/web-push/subscribe 200  
🦊 2026-08-19 00:25:39.434 INFO 48ms GET     /api/bookings/date-markers 200  
🦊 2026-08-19 00:25:39.450 INFO 64ms GET     /api/bookings 200  
🦊 2026-08-19 00:26:04.090 INFO 91ms GET     /api/bookings/events 200  
🦊 2026-08-19 00:26:08.521 INFO 19ms GET     /api/analytics 200  
🦊 2026-08-19 00:27:07.075 INFO 61ms GET     /api/bookings/events 200  
🦊 2026-08-19 00:28:10.114 INFO 79ms GET     /api/bookings/events 200  
🦊 2026-08-19 00:28:27.049 INFO 132ms GET     /api/analytics/customers/list 200  
🦊 2026-08-19 00:28:27.091 INFO 175ms GET     /api/analytics/customers 200  
🦊 2026-08-19 00:28:43.861 INFO 86ms GET     /auth/api/organization/get-full-organization 200  
🦊 2026-08-19 00:29:01.300 INFO 69ms GET     /api/bookings 200  
🦊 2026-08-19 00:29:01.962 INFO 14ms GET     /api/bookings 200  
🦊 2026-08-19 00:29:13.104 INFO 60ms GET     /api/bookings/events 200  
🦊 2026-08-19 00:29:22.587 INFO 42ms GET     /api/bookings 200  
🦊 2026-08-19 00:29:34.821 INFO 160ms GET     /api/analytics/revenue/bookings 200  
🦊 2026-08-19 00:29:34.834 INFO 173ms GET     /api/analytics/revenue 200  
🦊 2026-08-19 00:29:41.491 INFO 76ms GET     /api/analytics/revenue 200  
🦊 2026-08-19 00:29:41.492 INFO 77ms GET     /api/analytics/revenue/bookings 200  
🦊 2026-08-19 00:29:41.981 INFO 24ms GET     /api/analytics/revenue 200  
🦊 2026-08-19 00:29:41.998 INFO 41ms GET     /api/analytics/revenue/bookings 200  
🦊 2026-08-19 00:29:42.032 INFO 3ms GET     /api/bookings/events 200  
🦊 2026-08-19 00:30:45.249 INFO 151ms GET     /api/bookings/events 200  
🦊 2026-08-19 00:31:48.317 INFO 167ms GET     /api/bookings/events 200  
🦊 2026-08-19 00:32:51.327 INFO 130ms GET     /api/bookings/events 200  
🦊 2026-08-19 00:33:40.143 INFO 76ms GET     /auth/api/get-session 200  
🦊 2026-08-19 00:33:40.149 INFO 83ms GET     /api/open-hours 200  
🦊 2026-08-19 00:33:40.154 INFO 0.48ms GET     /api/pin/current 200  
🦊 2026-08-19 00:33:40.160 INFO 5ms GET     /api/barbershop 200  
🦊 2026-08-19 00:33:40.160 INFO 5ms GET     /api/notifications/unread-count 200  
🦊 2026-08-19 00:33:40.161 INFO 5ms GET     /api/notifications/unread-count-by-org 200  
🦊 2026-08-19 00:33:40.165 INFO 0.94ms GET     /api/bookings/events 200  
🦊 2026-08-19 00:33:40.192 INFO 26ms GET     /api/bookings/requests 200  
🦊 2026-08-19 00:33:40.193 INFO 27ms GET     /api/bookings/date-markers 200  
🦊 2026-08-19 00:33:40.194 INFO 28ms GET     /api/bookings/in-progress 200  
🦊 2026-08-19 00:33:40.200 INFO 0.39ms GET     /api/bookings 200  
🦊 2026-08-19 00:33:40.203 INFO 4ms GET     /api/bookings/summary 200  
🦊 2026-08-19 00:33:40.215 INFO 15ms GET     /api/barbershop/list 200  
🦊 2026-08-19 00:33:40.218 INFO 2ms GET     /api/bookings 200  
🦊 2026-08-19 00:33:40.251 INFO 34ms GET     /auth/api/get-session 200  
🦊 2026-08-19 00:33:40.279 INFO 63ms GET     /api/analytics 200  
🦊 2026-08-19 00:34:43.103 INFO 98ms GET     /api/bookings/events 200  
🦊 2026-08-19 00:36:39.789 INFO 73ms GET     /auth/api/get-session 200  
🦊 2026-08-19 00:36:39.814 INFO 98ms GET     /api/pin/current 200  
🦊 2026-08-19 00:36:39.817 INFO 101ms GET     /api/bookings/events 200  
🦊 2026-08-19 00:36:39.820 INFO 3ms GET     /api/bookings/date-markers 200  
🦊 2026-08-19 00:36:39.832 INFO 2ms GET     /api/bookings/in-progress 200  
🦊 2026-08-19 00:36:39.839 INFO 3ms GET     /api/bookings/requests 200  
🦊 2026-08-19 00:36:39.848 INFO 9ms GET     /api/bookings 200  
🦊 2026-08-19 00:36:39.852 INFO 13ms GET     /api/bookings/summary 200  
🦊 2026-08-19 00:36:39.858 INFO 18ms GET     /api/bookings 200  
🦊 2026-08-19 00:36:39.897 INFO 11ms GET     /auth/api/get-session 200  
🦊 2026-08-19 00:36:39.923 INFO 37ms GET     /api/analytics 200  
🦊 2026-08-19 00:37:42.007 INFO 66ms GET     /auth/api/get-session 200  
🦊 2026-08-19 00:37:42.014 INFO 73ms GET     /auth/api/organization/list-members 200  
🦊 2026-08-19 00:37:42.015 INFO 74ms GET     /auth/api/organization/list-invitations 200  
🦊 2026-08-19 00:37:42.059 INFO 6ms GET     /auth/api/organization/get-active-member 200  
🦊 2026-08-19 00:37:42.065 INFO 11ms GET     /auth/api/organization/get-full-organization 200  
🦊 2026-08-19 00:37:42.593 INFO 3ms GET     /api/bookings/events 200  
🦊 2026-08-19 00:37:48.767 INFO 50ms POST    /auth/api/organization/set-active 200  
🦊 2026-08-19 00:37:48.775 INFO 3ms GET     /auth/api/get-session 200  
🦊 2026-08-19 00:37:48.802 INFO 5ms GET     /auth/api/organization/get-active-member 200  
🦊 2026-08-19 00:37:48.803 INFO 6ms GET     /auth/api/organization/get-full-organization 200  
🦊 2026-08-19 00:37:48.825 INFO 2ms GET     /auth/api/get-session 200  
🦊 2026-08-19 00:37:48.845 INFO 0.36ms GET     /auth/api/organization/get-active-member 200  
🦊 2026-08-19 00:37:48.865 INFO 8ms GET     /api/pin/current 200  
🦊 2026-08-19 00:37:48.872 INFO 2ms GET     /api/open-hours 200  
🦊 2026-08-19 00:37:48.876 INFO 1ms GET     /api/barbershop 200  
🦊 2026-08-19 00:37:48.886 INFO 7ms GET     /api/bookings/summary 200  
🦊 2026-08-19 00:37:48.893 INFO 4ms GET     /api/bookings 200  
🦊 2026-08-19 00:37:48.893 INFO 4ms GET     /api/bookings/in-progress 200  
🦊 2026-08-19 00:37:48.907 INFO 11ms GET     /api/barbershop/list 200  
🦊 2026-08-19 00:37:48.908 INFO 12ms GET     /api/bookings/requests 200  
🦊 2026-08-19 00:37:48.911 INFO 15ms GET     /api/bookings/date-markers 200  
🦊 2026-08-19 00:37:48.918 INFO 6ms GET     /api/notifications/unread-count 200  
🦊 2026-08-19 00:37:48.918 INFO 6ms GET     /api/notifications/unread-count-by-org 200  
🦊 2026-08-19 00:37:48.923 INFO 12ms GET     /api/bookings 200  
🦊 2026-08-19 00:37:55.130 INFO 43ms GET     /auth/api/get-session 200  
🦊 2026-08-19 00:37:55.476 INFO 14ms GET     /auth/api/get-session 200  
🦊 2026-08-19 00:37:55.529 INFO 13ms GET     /api/notifications/unread-count-by-org 200  
🦊 2026-08-19 00:37:55.532 INFO 17ms GET     /api/pin/current 200  
🦊 2026-08-19 00:37:55.536 INFO 20ms GET     /api/barbershop 200  
🦊 2026-08-19 00:37:55.541 INFO 1ms GET     /api/notifications/unread-count 200  
🦊 2026-08-19 00:37:55.556 INFO 3ms GET     /api/bookings/events 200  
🦊 2026-08-19 00:37:55.557 INFO 4ms GET     /auth/api/organization/get-active-member 200  
🦊 2026-08-19 00:37:55.565 INFO 12ms GET     /api/barbershop/list 200  
🦊 2026-08-19 00:37:55.603 INFO 37ms GET     /api/bookings/summary 200  
🦊 2026-08-19 00:37:55.631 INFO 10ms GET     /api/bookings 200  
🦊 2026-08-19 00:37:55.650 INFO 29ms GET     /api/open-hours 200  
🦊 2026-08-19 00:37:55.653 INFO 32ms GET     /api/bookings/requests 200  
🦊 2026-08-19 00:37:55.660 INFO 39ms GET     /api/bookings/in-progress 200  
🦊 2026-08-19 00:37:59.998 INFO 30ms POST    /api/pin/generate 200  
🦊 2026-08-19 00:38:00.010 INFO 3ms GET     /api/pin/current 200  
🦊 2026-08-19 00:38:03.464 INFO 14ms POST    /api/pin/generate 200  
🦊 2026-08-19 00:38:03.522 INFO 4ms GET     /api/pin/current 200  
🦊 2026-08-19 00:38:57.011 INFO 89ms GET     /api/bookings/events 200  
🦊 2026-08-19 00:39:16.801 INFO 93ms GET     /auth/api/get-session 200  
🦊 2026-08-19 00:39:19.428 INFO 37ms GET     /auth/api/get-session 200  
🦊 2026-08-19 00:39:19.781 INFO 30ms GET     /auth/api/get-session 200  
🦊 2026-08-19 00:39:19.871 INFO 67ms GET     /auth/api/organization/get-active-member 200  
🦊 2026-08-19 00:39:19.881 INFO 77ms GET     /api/notifications/unread-count-by-org 200  
🦊 2026-08-19 00:39:19.883 INFO 79ms GET     /api/pin/current 200  
🦊 2026-08-19 00:39:19.883 INFO 79ms GET     /api/notifications/unread-count 200  
🦊 2026-08-19 00:39:19.894 INFO 8ms GET     /api/open-hours 200  
🦊 2026-08-19 00:39:19.901 INFO 3ms GET     /api/barbershop 200  
🦊 2026-08-19 00:39:19.911 INFO 7ms GET     /api/bookings/events 200  
🦊 2026-08-19 00:39:19.916 INFO 2ms GET     /api/barbershop/list 200  
🦊 2026-08-19 00:39:19.953 INFO 39ms GET     /api/bookings/summary 200  
🦊 2026-08-19 00:39:19.976 INFO 62ms GET     /api/bookings/in-progress 200  
🦊 2026-08-19 00:39:19.978 INFO 64ms GET     /api/bookings 200  
🦊 2026-08-19 00:39:19.983 INFO 69ms GET     /api/bookings/requests 200  
🦊 2026-08-19 00:39:26.073 INFO 78ms GET     /auth/api/get-session 200  
🦊 2026-08-19 00:39:40.913 INFO 83ms GET     /auth/api/get-session 200  
🦊 2026-08-19 00:39:43.207 INFO 18ms GET     /auth/api/get-session 200  
🦊 2026-08-19 00:39:45.665 INFO 30ms GET     /auth/api/get-session 200  
🦊 2026-08-19 00:39:47.317 INFO 23ms GET     /auth/api/get-session 200  
🦊 2026-08-19 00:39:47.982 INFO 56ms GET     /auth/api/get-session 200  
🦊 2026-08-19 00:39:48.096 INFO 41ms GET     /api/notifications/unread-count 200  
🦊 2026-08-19 00:39:48.112 INFO 58ms GET     /api/barbershop 200  
🦊 2026-08-19 00:39:48.115 INFO 61ms GET     /api/pin/current 200  
🦊 2026-08-19 00:39:48.116 INFO 61ms GET     /api/notifications/unread-count-by-org 200  
🦊 2026-08-19 00:39:48.120 INFO 4ms GET     /auth/api/organization/get-active-member 200  
🦊 2026-08-19 00:39:48.130 INFO 5ms GET     /api/bookings/events 200  
🦊 2026-08-19 00:39:48.145 INFO 20ms GET     /api/barbershop/list 200  
🦊 2026-08-19 00:39:48.173 INFO 48ms GET     /api/open-hours 200  
🦊 2026-08-19 00:39:48.174 INFO 0.39ms GET     /api/bookings/summary 200  
🦊 2026-08-19 00:39:48.205 INFO 31ms GET     /api/bookings 200  
🦊 2026-08-19 00:39:48.224 INFO 50ms GET     /api/bookings/requests 200  
🦊 2026-08-19 00:39:48.238 INFO 64ms GET     /api/bookings/in-progress 200  
🦊 2026-08-19 00:39:50.404 INFO 36ms POST    /api/pin/generate 200  
🦊 2026-08-19 00:39:50.424 INFO 13ms GET     /api/pin/current 200  
🦊 2026-08-19 00:39:54.019 INFO 39ms GET     /auth/api/get-session 200  
🦊 2026-08-19 00:39:57.461 INFO 17ms GET     /auth/api/get-session 200  
🦊 2026-08-19 00:40:11.838 INFO 132ms GET     /auth/api/get-session 200  
🦊 2026-08-19 00:40:13.964 INFO 23ms GET     /auth/api/get-session 200  
🦊 2026-08-19 00:40:14.271 INFO 14ms GET     /auth/api/get-session 200  
🦊 2026-08-19 00:40:14.349 INFO 75ms GET     /auth/api/organization/get-active-member 200  
🦊 2026-08-19 00:40:14.368 INFO 3ms GET     /api/pin/current 200  
🦊 2026-08-19 00:40:14.374 INFO 8ms GET     /api/open-hours 200  
🦊 2026-08-19 00:40:14.381 INFO 15ms GET     /api/barbershop 200  
🦊 2026-08-19 00:40:14.381 INFO 16ms GET     /api/notifications/unread-count-by-org 200  
🦊 2026-08-19 00:40:14.383 INFO 18ms GET     /api/notifications/unread-count 200  
🦊 2026-08-19 00:40:14.388 INFO 5ms GET     /api/bookings/events 200  
🦊 2026-08-19 00:40:14.412 INFO 21ms GET     /api/barbershop/list 200  
🦊 2026-08-19 00:40:14.431 INFO 40ms GET     /api/bookings/in-progress 200  
🦊 2026-08-19 00:40:14.431 INFO 40ms GET     /api/bookings/summary 200  
🦊 2026-08-19 00:40:14.432 INFO 41ms GET     /api/bookings 200  
🦊 2026-08-19 00:40:14.442 INFO 51ms GET     /api/bookings/requests 200  
🦊 2026-08-19 00:40:17.025 INFO 20ms GET     /auth/api/get-session 200  
🦊 2026-08-19 00:40:17.703 INFO 10ms GET     /auth/api/get-session 200  
🦊 2026-08-19 00:40:17.783 INFO 89ms GET     /api/bookings/events 200  
🦊 2026-08-19 00:40:17.814 INFO 121ms GET     /api/barbershop/list 200  
🦊 2026-08-19 00:40:17.870 INFO 32ms GET     /api/notifications/unread-count-by-org 200  
🦊 2026-08-19 00:40:17.903 INFO 28ms GET     /api/barbershop 200  
🦊 2026-08-19 00:40:17.962 INFO 49ms GET     /api/bookings/summary 200  
🦊 2026-08-19 00:40:18.008 INFO 31ms GET     /api/bookings 200  
🦊 2026-08-19 00:40:18.015 INFO 37ms GET     /api/bookings/requests 200  
🦊 2026-08-19 00:40:18.050 INFO 73ms GET     /api/pin/current 200  
🦊 2026-08-19 00:40:18.051 INFO 74ms GET     /api/notifications/unread-count 200  
🦊 2026-08-19 00:40:18.117 INFO 13ms GET     /api/open-hours 200  
🦊 2026-08-19 00:40:18.128 INFO 25ms GET     /auth/api/organization/get-active-member 200  
🦊 2026-08-19 00:40:18.137 INFO 34ms GET     /api/bookings/in-progress 200  
🦊 2026-08-19 00:40:20.884 INFO 122ms GET     /auth/api/get-session 200  
🦊 2026-08-19 00:40:21.587 INFO 31ms GET     /api/bookings/events 200  
🦊 2026-08-19 00:40:21.602 INFO 46ms GET     /auth/api/get-session 200  
🦊 2026-08-19 00:40:21.658 INFO 14ms GET     /api/barbershop 200  
🦊 2026-08-19 00:40:21.659 INFO 14ms GET     /api/pin/current 200  
🦊 2026-08-19 00:40:21.659 INFO 15ms GET     /api/notifications/unread-count-by-org 200  
🦊 2026-08-19 00:40:21.691 INFO 25ms GET     /api/notifications/unread-count 200  
🦊 2026-08-19 00:40:21.692 INFO 26ms GET     /api/open-hours 200  
🦊 2026-08-19 00:40:21.720 INFO 12ms GET     /auth/api/organization/get-active-member 200  
🦊 2026-08-19 00:40:21.745 INFO 36ms GET     /api/barbershop/list 200  
🦊 2026-08-19 00:40:21.747 INFO 2ms GET     /api/bookings/summary 200  
🦊 2026-08-19 00:40:21.775 INFO 29ms GET     /api/bookings 200  
🦊 2026-08-19 00:40:21.795 INFO 50ms GET     /api/bookings/requests 200  
🦊 2026-08-19 00:40:21.827 INFO 81ms GET     /api/bookings/in-progress 200  
🦊 2026-08-19 00:40:29.096 INFO 47ms GET     /auth/api/get-session 200  
🦊 2026-08-19 00:40:33.890 INFO 35ms GET     /api/bookings/date-markers 200  
🦊 2026-08-19 00:40:33.996 INFO 141ms GET     /api/bookings 200  
🦊 2026-08-19 00:40:34.805 INFO 97ms GET     /api/analytics 200  
🦊 2026-08-19 00:41:24.004 INFO 69ms GET     /api/bookings/events 200  
🦊 2026-08-19 00:42:27.008 INFO 61ms GET     /api/bookings/events 200  
🦊 2026-08-19 00:43:30.022 INFO 58ms GET     /api/bookings/events 200  
🦊 2026-08-19 00:44:33.043 INFO 67ms GET     /api/bookings/events 200  
🦊 2026-08-19 00:45:36.050 INFO 65ms GET     /api/bookings/events 200  
🦊 2026-08-19 00:45:51.126 INFO 79ms GET     /api/bookings/requests 200  
🦊 2026-08-19 00:46:39.074 INFO 69ms GET     /api/bookings/events 200  
🦊 2026-08-19 00:47:11.916 INFO 107ms GET     /auth/api/get-session 200  
🦊 2026-08-19 00:47:11.934 INFO 125ms GET     /api/bookings/events 200  
🦊 2026-08-19 00:47:12.084 INFO 6ms GET     /auth/api/get-session 200  
🦊 2026-08-19 00:47:12.208 INFO 105ms GET     /api/notifications/unread-count-by-org 200  
🦊 2026-08-19 00:47:12.228 INFO 16ms GET     /api/barbershop 200  
🦊 2026-08-19 00:47:12.260 INFO 16ms GET     /api/barbershop/list 200  
🦊 2026-08-19 00:47:12.341 INFO 78ms GET     /api/pin/current 200  
🦊 2026-08-19 00:47:12.342 INFO 78ms GET     /api/notifications/unread-count 200  
🦊 2026-08-19 00:47:12.358 INFO 95ms GET     /api/bookings/in-progress 200  
🦊 2026-08-19 00:47:12.366 INFO 103ms GET     /api/bookings/summary 200  
🦊 2026-08-19 00:47:12.369 INFO 0.50ms GET     /api/open-hours 200  
🦊 2026-08-19 00:47:12.409 INFO 39ms GET     /api/bookings/requests 200  
🦊 2026-08-19 00:47:12.410 INFO 39ms GET     /auth/api/organization/get-active-member 200  
🦊 2026-08-19 00:47:12.411 INFO 40ms GET     /api/bookings 200  
🦊 2026-08-19 00:47:14.041 INFO 115ms GET     /auth/api/get-session 200  
🦊 2026-08-19 00:47:49.209 INFO 153ms GET     /api/bookings/date-markers 200  
🦊 2026-08-19 00:47:49.214 INFO 158ms GET     /api/bookings 200  
🦊 2026-08-19 00:47:51.586 INFO 133ms GET     /api/analytics 200  
🦊 2026-08-19 00:48:14.682 INFO 75ms GET     /api/bookings/events 200  
🦊 2026-08-19 00:48:43.655 INFO 65ms GET     /api/bookings/events 200  
🦊 2026-08-19 00:49:46.676 INFO 73ms GET     /api/bookings/events 200  
🦊 2026-08-19 00:50:49.697 INFO 70ms GET     /api/bookings/events 200  
🦊 2026-08-19 00:51:52.699 INFO 56ms GET     /api/bookings/events 200  
🦊 2026-08-19 00:52:23.073 INFO 112ms PATCH   /api/notifications/read-all 200  
🦊 2026-08-19 00:52:23.088 INFO 2ms GET     /api/notifications/unread-count 200  
🦊 2026-08-19 00:52:23.089 INFO 3ms GET     /api/notifications/unread-count-by-org 200  
🦊 2026-08-19 00:52:23.103 INFO 17ms GET     /api/notifications 200  
🦊 2026-08-19 00:52:55.728 INFO 66ms GET     /api/bookings/events 200  
🦊 2026-08-19 00:53:03.502 INFO 127ms GET     /auth/api/get-session 200  
🦊 2026-08-19 00:53:03.728 INFO 11ms GET     /api/bookings/events 200  
🦊 2026-08-19 00:53:03.958 INFO 27ms GET     /auth/api/get-session 200  
🦊 2026-08-19 00:53:04.060 INFO 92ms GET     /api/open-hours 200  
🦊 2026-08-19 00:53:04.105 INFO 37ms GET     /api/pin/current 200  
🦊 2026-08-19 00:53:04.121 INFO 53ms GET     /api/barbershop 200  
🦊 2026-08-19 00:53:04.122 INFO 54ms GET     /api/notifications/unread-count-by-org 200  
🦊 2026-08-19 00:53:04.123 INFO 54ms GET     /api/notifications/unread-count 200  
🦊 2026-08-19 00:53:04.146 INFO 4ms GET     /auth/api/organization/get-active-member 200  
🦊 2026-08-19 00:53:04.172 INFO 16ms GET     /api/barbershop/list 200  
🦊 2026-08-19 00:53:04.334 INFO 178ms GET     /api/bookings/requests 200  
🦊 2026-08-19 00:53:04.346 INFO 189ms GET     /api/bookings/summary 200  
🦊 2026-08-19 00:53:04.365 INFO 208ms GET     /api/bookings/in-progress 200  
🦊 2026-08-19 00:53:04.378 INFO 221ms GET     /api/bookings 200  
🦊 2026-08-19 00:53:43.898 INFO 180ms GET     /auth/api/get-session 200  
🦊 2026-08-19 00:54:06.939 INFO 123ms GET     /api/bookings/events 200  
🦊 2026-08-19 00:54:13.991 INFO 13ms GET     /auth/api/get-session 200  
🦊 2026-08-19 00:54:21.973 INFO 17ms GET     /auth/api/get-session 200  
🦊 2026-08-19 00:54:35.756 INFO 71ms GET     /api/bookings/events 200  
🦊 2026-08-19 00:54:44.645 INFO 49ms GET     /api/bookings/date-markers 200  
🦊 2026-08-19 00:54:44.675 INFO 79ms GET     /api/bookings 200  
🦊 2026-08-19 00:55:15.410 INFO 106ms GET     /auth/api/get-session 200  
🦊 2026-08-19 00:55:15.455 INFO 3ms GET     /api/bookings/events 200  
🦊 2026-08-19 00:55:15.582 INFO 4ms GET     /auth/api/get-session 200  
🦊 2026-08-19 00:55:15.647 INFO 18ms GET     /api/notifications/unread-count-by-org 200  
🦊 2026-08-19 00:55:15.691 INFO 40ms GET     /auth/api/organization/get-active-member 200  
🦊 2026-08-19 00:55:15.717 INFO 23ms GET     /api/notifications/unread-count 200  
🦊 2026-08-19 00:55:15.720 INFO 26ms GET     /api/pin/current 200  
🦊 2026-08-19 00:55:15.721 INFO 27ms GET     /api/barbershop/list 200  
🦊 2026-08-19 00:55:15.723 INFO 1ms GET     /api/open-hours 200  
🦊 2026-08-19 00:55:15.728 INFO 6ms GET     /api/barbershop 200  
🦊 2026-08-19 00:55:15.789 INFO 58ms GET     /api/bookings 200  
🦊 2026-08-19 00:55:15.793 INFO 62ms GET     /api/bookings/requests 200  
🦊 2026-08-19 00:55:15.804 INFO 73ms GET     /api/bookings/summary 200  
🦊 2026-08-19 00:55:15.805 INFO 73ms GET     /api/bookings/in-progress 200  
🦊 2026-08-19 00:55:18.985 INFO 3ms GET     /auth/api/get-session 200  
🦊 2026-08-19 00:55:18.999 INFO 17ms GET     /api/bookings/events 200  
🦊 2026-08-19 00:55:19.335 INFO 27ms GET     /auth/api/get-session 200  
🦊 2026-08-19 00:55:19.564 INFO 25ms GET     /api/barbershop/list 200  
🦊 2026-08-19 00:55:19.570 INFO 31ms GET     /api/notifications/unread-count-by-org 200  
🦊 2026-08-19 00:55:19.617 INFO 13ms GET     /api/bookings/summary 200  
🦊 2026-08-19 00:55:19.623 INFO 19ms GET     /api/barbershop 200  
🦊 2026-08-19 00:55:19.730 INFO 4ms GET     /api/bookings 200  
🦊 2026-08-19 00:55:19.731 INFO 5ms GET     /api/pin/current 200  
🦊 2026-08-19 00:55:19.797 INFO 71ms GET     /api/bookings/requests 200  
🦊 2026-08-19 00:55:19.848 INFO 43ms GET     /api/notifications/unread-count 200  
🦊 2026-08-19 00:55:19.852 INFO 47ms GET     /api/open-hours 200  
🦊 2026-08-19 00:55:19.857 INFO 52ms GET     /api/bookings/in-progress 200  
🦊 2026-08-19 00:55:19.876 INFO 71ms GET     /auth/api/organization/get-active-member 200  
🦊 2026-08-19 00:55:47.763 INFO 84ms GET     /api/bookings/events 200  
🦊 2026-08-19 00:55:59.632 INFO 72ms POST    /auth/api/organization/set-active 200  
🦊 2026-08-19 00:55:59.640 INFO 4ms GET     /auth/api/get-session 200  
🦊 2026-08-19 00:55:59.667 INFO 3ms GET     /api/pin/current 200  
🦊 2026-08-19 00:55:59.682 INFO 14ms GET     /api/bookings/summary 200  
🦊 2026-08-19 00:55:59.688 INFO 5ms GET     /api/barbershop/list 200  
🦊 2026-08-19 00:55:59.712 INFO 22ms GET     /api/bookings 200  
🦊 2026-08-19 00:55:59.717 INFO 26ms GET     /api/barbershop 200  
🦊 2026-08-19 00:55:59.719 INFO 0.39ms GET     /api/notifications/unread-count-by-org 200  
🦊 2026-08-19 00:55:59.719 INFO 0.52ms GET     /api/notifications/unread-count 200  
🦊 2026-08-19 00:55:59.721 INFO 2ms GET     /api/open-hours 200  
🦊 2026-08-19 00:55:59.734 INFO 12ms GET     /api/bookings/requests 200  
🦊 2026-08-19 00:55:59.737 INFO 15ms GET     /auth/api/organization/get-active-member 200  
🦊 2026-08-19 00:55:59.737 INFO 16ms GET     /api/bookings/in-progress 200  
🦊 2026-08-19 00:55:59.748 INFO 5ms GET     /auth/api/get-session 200  
🦊 2026-08-19 00:55:59.766 INFO 6ms GET     /auth/api/organization/get-active-member 200  
🦊 2026-08-19 00:56:02.435 INFO 11ms POST    /auth/api/organization/set-active 200  
🦊 2026-08-19 00:56:02.445 INFO 3ms GET     /auth/api/get-session 200  
🦊 2026-08-19 00:56:02.485 INFO 6ms GET     /auth/api/organization/get-active-member 200  
🦊 2026-08-19 00:56:02.510 INFO 4ms GET     /auth/api/get-session 200  
🦊 2026-08-19 00:56:02.535 INFO 5ms GET     /auth/api/organization/get-active-member 200  
🦊 2026-08-19 00:56:02.544 INFO 5ms GET     /api/barbershop/list 200  
🦊 2026-08-19 00:56:02.547 INFO 8ms GET     /api/pin/current 200  
🦊 2026-08-19 00:56:02.550 INFO 12ms GET     /api/barbershop 200  
🦊 2026-08-19 00:56:02.550 INFO 12ms GET     /api/bookings/summary 200  
🦊 2026-08-19 00:56:02.560 INFO 7ms GET     /api/open-hours 200  
🦊 2026-08-19 00:56:02.560 INFO 8ms GET     /api/notifications/unread-count 200  
🦊 2026-08-19 00:56:02.560 INFO 8ms GET     /api/bookings 200  
🦊 2026-08-19 00:56:02.566 INFO 0.36ms GET     /api/bookings/in-progress 200  
🦊 2026-08-19 00:56:02.566 INFO 0.85ms GET     /api/bookings/requests 200  
🦊 2026-08-19 00:56:02.569 INFO 4ms GET     /api/notifications/unread-count-by-org 200  
🦊 2026-08-19 00:56:50.865 INFO 49ms GET     /api/bookings/events 200  
🦊 2026-08-19 00:57:48.428 INFO 133ms GET     /auth/api/get-session 200  
🦊 2026-08-19 00:57:53.843 INFO 12ms GET     /api/bookings/events 200  
🦊 2026-08-19 00:58:22.871 INFO 70ms GET     /api/bookings/events 200  
🦊 2026-08-19 00:58:41.861 INFO 123ms GET     /api/bookings/date-markers 200  
🦊 2026-08-19 00:58:41.869 INFO 131ms GET     /api/bookings 200  
🦊 2026-08-19 00:59:05.282 INFO 171ms GET     /auth/api/organization/get-full-organization 200  
🦊 2026-08-19 00:59:56.283 INFO 89ms GET     /api/bookings/events 200  
🦊 2026-08-19 00:59:56.294 INFO 99ms GET     /auth/api/get-session 200  
🦊 2026-08-19 00:59:56.299 INFO 104ms GET     /api/pin/current 200  
🦊 2026-08-19 00:59:56.320 INFO 5ms GET     /api/bookings/date-markers 200  
🦊 2026-08-19 00:59:56.323 INFO 0.91ms GET     /api/bookings/requests 200  
🦊 2026-08-19 00:59:56.326 INFO 3ms GET     /api/bookings/in-progress 200  
🦊 2026-08-19 00:59:56.339 INFO 17ms GET     /api/bookings 200  
🦊 2026-08-19 00:59:56.340 INFO 17ms GET     /api/bookings/summary 200  
🦊 2026-08-19 00:59:56.348 INFO 8ms GET     /api/bookings 200  
🦊 2026-08-19 00:59:56.378 INFO 2ms GET     /auth/api/get-session 200  
🦊 2026-08-19 01:00:50.181 INFO 78ms GET     /api/bookings/events 200  
🦊 2026-08-19 01:00:50.188 INFO 86ms GET     /auth/api/get-session 200  
🦊 2026-08-19 01:00:50.210 INFO 108ms GET     /api/pin/current 200  
🦊 2026-08-19 01:00:50.213 INFO 2ms GET     /api/bookings/in-progress 200  
🦊 2026-08-19 01:00:50.214 INFO 3ms GET     /api/bookings/date-markers 200  
🦊 2026-08-19 01:00:50.219 INFO 4ms GET     /api/bookings/requests 200  
🦊 2026-08-19 01:00:50.229 INFO 14ms GET     /api/bookings 200  
🦊 2026-08-19 01:00:50.229 INFO 15ms GET     /api/bookings/summary 200  
🦊 2026-08-19 01:00:50.238 INFO 8ms GET     /api/bookings 200  
🦊 2026-08-19 01:00:50.261 INFO 2ms GET     /auth/api/get-session 200  
🦊 2026-08-19 01:01:53.122 INFO 114ms GET     /api/bookings/events 200  
🦊 2026-08-19 01:02:38.321 INFO 91ms GET     /auth/api/get-session 200  
🦊 2026-08-19 01:02:38.332 INFO 102ms GET     /api/open-hours 200  
🦊 2026-08-19 01:02:38.340 INFO 110ms GET     /api/notifications/unread-count 200  
🦊 2026-08-19 01:02:38.342 INFO 112ms GET     /api/notifications/unread-count-by-org 200  
🦊 2026-08-19 01:02:38.345 INFO 115ms GET     /api/barbershop 200  
🦊 2026-08-19 01:03:02.187 INFO 50ms GET     /api/bookings/events 200  
🦊 2026-08-19 01:03:02.197 INFO 61ms GET     /auth/api/get-session 200  
🦊 2026-08-19 01:03:02.198 INFO 61ms GET     /api/pin/current 200  
🦊 2026-08-19 01:03:02.207 INFO 0.48ms GET     /api/bookings/requests 200  
🦊 2026-08-19 01:03:02.212 INFO 5ms GET     /api/bookings/in-progress 200  
🦊 2026-08-19 01:03:02.212 INFO 5ms GET     /api/bookings/date-markers 200  
🦊 2026-08-19 01:03:02.221 INFO 9ms GET     /api/bookings 200  
🦊 2026-08-19 01:03:02.227 INFO 0.40ms GET     /api/barbershop/list 200  
🦊 2026-08-19 01:03:02.230 INFO 4ms GET     /api/bookings/summary 200  
🦊 2026-08-19 01:03:02.237 INFO 11ms GET     /api/bookings 200  
🦊 2026-08-19 01:03:02.257 INFO 2ms GET     /auth/api/get-session 200  
🦊 2026-08-19 01:04:11.928 INFO 67ms GET     /auth/api/get-session 200  
🦊 2026-08-19 01:04:11.931 INFO 70ms GET     /api/bookings/events 200  
🦊 2026-08-19 01:04:11.935 INFO 74ms GET     /api/pin/current 200  
🦊 2026-08-19 01:04:11.951 INFO 2ms GET     /api/bookings/date-markers 200  
🦊 2026-08-19 01:04:11.969 INFO 10ms GET     /api/bookings/in-progress 200  
🦊 2026-08-19 01:04:11.973 INFO 14ms GET     /api/bookings/requests 200  
🦊 2026-08-19 01:04:12.000 INFO 41ms GET     /api/bookings 200  
🦊 2026-08-19 01:04:12.005 INFO 46ms GET     /api/bookings/summary 200  
🦊 2026-08-19 01:04:12.021 INFO 10ms GET     /auth/api/get-session 200  
🦊 2026-08-19 01:04:12.023 INFO 12ms GET     /api/bookings 200  
🦊 2026-08-19 01:05:07.089 INFO 20ms GET     /auth/api/get-session 200  
🦊 2026-08-19 01:05:11.447 INFO 6ms GET     /auth/api/get-session 200  
🦊 2026-08-19 01:05:11.503 INFO 43ms GET     /api/bookings 200  
🦊 2026-08-19 01:05:11.516 INFO 10ms GET     /api/bookings/summary 200  
🦊 2026-08-19 01:05:11.528 INFO 10ms GET     /api/bookings 200  
🦊 2026-08-19 01:05:11.538 INFO 7ms GET     /auth/api/get-session 200  
🦊 2026-08-19 01:05:11.564 INFO 33ms GET     /api/bookings/events 200  
🦊 2026-08-19 01:05:11.591 INFO 61ms GET     /api/bookings/date-markers 200  
🦊 2026-08-19 01:05:11.592 INFO 61ms GET     /api/bookings/in-progress 200  
🦊 2026-08-19 01:05:11.593 INFO 63ms GET     /api/pin/current 200  
🦊 2026-08-19 01:05:11.599 INFO 68ms GET     /api/bookings/requests 200  
🦊 2026-08-19 01:05:13.914 INFO 28ms GET     /auth/api/get-session 200  
🦊 2026-08-19 01:05:34.905 INFO 60ms GET     /auth/api/get-session 200  
🦊 2026-08-19 01:05:34.906 INFO 61ms GET     /api/bookings/events 200  
🦊 2026-08-19 01:05:34.916 INFO 0.61ms GET     /api/pin/current 200  
🦊 2026-08-19 01:05:34.929 INFO 13ms GET     /api/bookings/requests 200  
🦊 2026-08-19 01:05:34.937 INFO 5ms GET     /api/bookings/in-progress 200  
🦊 2026-08-19 01:05:34.938 INFO 5ms GET     /api/bookings/date-markers 200  
🦊 2026-08-19 01:05:34.947 INFO 15ms GET     /api/bookings 200  
🦊 2026-08-19 01:05:34.947 INFO 15ms GET     /api/bookings/summary 200  
🦊 2026-08-19 01:05:34.957 INFO 9ms GET     /api/bookings 200  
🦊 2026-08-19 01:05:34.963 INFO 2ms GET     /auth/api/get-session 200  
🦊 2026-08-19 01:05:43.227 INFO 30ms PATCH   /api/barbershop/settings 200  
🦊 2026-08-19 01:05:43.344 INFO 49ms GET     /api/barbershop 200  
🦊 2026-08-19 01:06:33.847 INFO 47ms GET     /api/bookings/events 200  
🦊 2026-08-19 01:06:33.848 INFO 48ms GET     /auth/api/get-session 200  
🦊 2026-08-19 01:06:33.854 INFO 54ms GET     /api/pin/current 200  
🦊 2026-08-19 01:06:33.870 INFO 0.37ms GET     /api/bookings/in-progress 200  
🦊 2026-08-19 01:06:33.871 INFO 1ms GET     /api/bookings/requests 200  
🦊 2026-08-19 01:06:33.873 INFO 3ms GET     /api/bookings/date-markers 200  
🦊 2026-08-19 01:06:33.886 INFO 17ms GET     /api/bookings 200  
🦊 2026-08-19 01:06:33.893 INFO 4ms GET     /api/bookings/summary 200  
🦊 2026-08-19 01:06:33.899 INFO 11ms GET     /api/bookings 200  
🦊 2026-08-19 01:06:33.925 INFO 4ms GET     /auth/api/get-session 200  
🦊 2026-08-19 01:06:59.123 INFO 55ms GET     /auth/api/get-session 200  
🦊 2026-08-19 01:08:08.580 INFO 56ms GET     /api/notifications/unread-count 200  
🦊 2026-08-19 01:08:08.581 INFO 57ms GET     /api/pin/current 200  
🦊 2026-08-19 01:08:08.581 INFO 58ms GET     /api/bookings/events 200  
🦊 2026-08-19 01:08:08.582 INFO 59ms GET     /auth/api/get-session 200  
🦊 2026-08-19 01:08:08.588 INFO 64ms GET     /api/open-hours 200  
🦊 2026-08-19 01:08:08.588 INFO 65ms GET     /api/notifications/unread-count-by-org 200  
🦊 2026-08-19 01:08:08.615 INFO 20ms GET     /api/bookings/in-progress 200  
🦊 2026-08-19 01:08:08.620 INFO 25ms GET     /api/bookings 200  
🦊 2026-08-19 01:08:08.620 INFO 26ms GET     /api/bookings/date-markers 200  
🦊 2026-08-19 01:08:08.621 INFO 26ms GET     /api/bookings/requests 200  
🦊 2026-08-19 01:08:08.628 INFO 2ms GET     /api/bookings/summary 200  
🦊 2026-08-19 01:08:08.632 INFO 5ms GET     /api/barbershop/list 200  
🦊 2026-08-19 01:08:08.636 INFO 9ms GET     /api/bookings 200  
🦊 2026-08-19 01:08:08.645 INFO 4ms GET     /auth/api/get-session 200  
🦊 2026-08-19 01:08:58.701 INFO 45ms GET     /auth/api/get-session 200  
🦊 2026-08-19 01:08:58.704 INFO 47ms GET     /api/bookings/events 200  
🦊 2026-08-19 01:08:58.726 INFO 13ms GET     /api/bookings/date-markers 200  
🦊 2026-08-19 01:08:58.727 INFO 14ms GET     /api/pin/current 200  
🦊 2026-08-19 01:08:58.727 INFO 14ms GET     /api/bookings/requests 200  
🦊 2026-08-19 01:08:58.730 INFO 1ms GET     /api/bookings/in-progress 200  
🦊 2026-08-19 01:08:58.744 INFO 15ms GET     /api/bookings 200  
🦊 2026-08-19 01:08:58.744 INFO 16ms GET     /api/bookings/summary 200  
🦊 2026-08-19 01:08:58.751 INFO 6ms GET     /api/bookings 200  
🦊 2026-08-19 01:08:58.766 INFO 2ms GET     /auth/api/get-session 200  
🦊 2026-08-19 01:09:27.169 INFO 65ms GET     /auth/api/get-session 200  
🦊 2026-08-19 01:11:26.752 INFO 57ms GET     /api/pin/current 200  
🦊 2026-08-19 01:11:26.754 INFO 58ms GET     /auth/api/get-session 200  
🦊 2026-08-19 01:11:26.758 INFO 62ms GET     /api/bookings/events 200  
🦊 2026-08-19 01:11:26.768 INFO 1ms GET     /api/barbershop 200  
🦊 2026-08-19 01:11:26.779 INFO 2ms GET     /api/bookings/requests 200  
🦊 2026-08-19 01:11:26.780 INFO 2ms GET     /api/bookings/in-progress 200  
🦊 2026-08-19 01:11:26.787 INFO 10ms GET     /api/bookings/date-markers 200  
🦊 2026-08-19 01:11:26.802 INFO 24ms GET     /api/bookings 200  
🦊 2026-08-19 01:11:26.802 INFO 25ms GET     /api/bookings/summary 200  
🦊 2026-08-19 01:11:26.810 INFO 8ms GET     /api/bookings 200  
🦊 2026-08-19 01:11:26.818 INFO 2ms GET     /auth/api/get-session 200  
🦊 2026-08-19 01:11:40.947 INFO 51ms GET     /auth/api/get-session 200  
🦊 2026-08-19 01:11:40.947 INFO 51ms GET     /api/bookings/events 200  
🦊 2026-08-19 01:11:40.957 INFO 61ms GET     /api/bookings/requests 200  
🦊 2026-08-19 01:11:40.958 INFO 62ms GET     /api/pin/current 200  
🦊 2026-08-19 01:11:40.961 INFO 4ms GET     /api/bookings/date-markers 200  
🦊 2026-08-19 01:11:40.972 INFO 8ms GET     /api/bookings/in-progress 200  
🦊 2026-08-19 01:11:40.973 INFO 9ms GET     /api/bookings/summary 200  
🦊 2026-08-19 01:11:40.973 INFO 9ms GET     /api/bookings 200  
🦊 2026-08-19 01:11:40.984 INFO 9ms GET     /api/bookings 200  
🦊 2026-08-19 01:11:41.005 INFO 3ms GET     /auth/api/get-session 200  
🦊 2026-08-19 01:11:43.155 INFO 3ms GET     /api/bookings/events 200  
🦊 2026-08-19 01:11:43.201 INFO 49ms GET     /api/bookings/in-progress 200  
🦊 2026-08-19 01:11:43.202 INFO 49ms GET     /api/bookings/summary 200  
🦊 2026-08-19 01:11:43.202 INFO 50ms GET     /api/bookings/requests 200  
🦊 2026-08-19 01:11:43.204 INFO 51ms GET     /api/bookings/date-markers 200  
🦊 2026-08-19 01:11:43.212 INFO 59ms GET     /api/bookings 200  
🦊 2026-08-19 01:11:43.232 INFO 6ms GET     /api/pin/current 200  
🦊 2026-08-19 01:11:43.235 INFO 9ms GET     /api/bookings 200  
🦊 2026-08-19 01:11:56.516 INFO 42ms GET     /auth/api/get-session 200  
🦊 2026-08-19 01:11:56.519 INFO 46ms GET     /api/pin/current 200  
🦊 2026-08-19 01:11:56.520 INFO 46ms GET     /api/bookings/events 200  
🦊 2026-08-19 01:11:56.538 INFO 3ms GET     /api/bookings/in-progress 200  
🦊 2026-08-19 01:11:56.551 INFO 15ms GET     /api/bookings/requests 200  
🦊 2026-08-19 01:11:56.551 INFO 16ms GET     /api/bookings/date-markers 200  
🦊 2026-08-19 01:11:56.556 INFO 20ms GET     /api/bookings 200  
🦊 2026-08-19 01:11:56.558 INFO 0.99ms GET     /api/bookings/summary 200  
🦊 2026-08-19 01:11:56.564 INFO 8ms GET     /api/bookings 200  
🦊 2026-08-19 01:11:56.585 INFO 4ms GET     /auth/api/get-session 200  
🦊 2026-08-19 01:12:01.952 INFO 1ms GET     /auth/api/get-session 200  
🦊 2026-08-19 01:12:01.955 INFO 2ms GET     /api/pin/current 200  
🦊 2026-08-19 01:12:01.958 INFO 0.69ms GET     /api/bookings/events 200  
🦊 2026-08-19 01:12:01.973 INFO 13ms GET     /api/bookings/requests 200  
🦊 2026-08-19 01:12:01.977 INFO 17ms GET     /api/bookings/in-progress 200  
🦊 2026-08-19 01:12:01.981 INFO 22ms GET     /api/bookings/date-markers 200  
🦊 2026-08-19 01:12:01.981 INFO 22ms GET     /api/bookings/summary 200  
🦊 2026-08-19 01:12:01.987 INFO 28ms GET     /api/bookings 200  
🦊 2026-08-19 01:12:01.995 INFO 7ms GET     /api/bookings 200  
🦊 2026-08-19 01:12:02.009 INFO 2ms GET     /auth/api/get-session 200  
🦊 2026-08-19 01:12:36.163 INFO 51ms GET     /api/bookings/events 200  
🦊 2026-08-19 01:12:36.165 INFO 53ms GET     /auth/api/get-session 200  
🦊 2026-08-19 01:12:36.180 INFO 68ms GET     /api/bookings/requests 200  
🦊 2026-08-19 01:12:36.181 INFO 68ms GET     /api/bookings/in-progress 200  
🦊 2026-08-19 01:12:36.181 INFO 69ms GET     /api/pin/current 200  
🦊 2026-08-19 01:12:36.183 INFO 2ms GET     /api/bookings/date-markers 200  
🦊 2026-08-19 01:12:36.194 INFO 10ms GET     /api/bookings 200  
🦊 2026-08-19 01:12:36.195 INFO 10ms GET     /api/bookings/summary 200  
🦊 2026-08-19 01:12:36.203 INFO 8ms GET     /api/bookings 200  
🦊 2026-08-19 01:12:36.233 INFO 2ms GET     /auth/api/get-session 200  
🦊 2026-08-19 01:15:29.769 INFO 56ms GET     /api/bookings/events 200  
🦊 2026-08-19 01:15:29.774 INFO 61ms GET     /auth/api/get-session 200  
🦊 2026-08-19 01:15:29.779 INFO 66ms GET     /api/notifications/unread-count 200  
🦊 2026-08-19 01:15:29.779 INFO 66ms GET     /api/pin/current 200  
🦊 2026-08-19 01:15:29.786 INFO 2ms GET     /api/open-hours 200  
🦊 2026-08-19 01:15:29.787 INFO 3ms GET     /api/notifications/unread-count-by-org 200  
🦊 2026-08-19 01:15:29.817 INFO 25ms GET     /api/bookings/requests 200  
🦊 2026-08-19 01:15:29.820 INFO 27ms GET     /api/bookings/summary 200  
🦊 2026-08-19 01:15:29.822 INFO 30ms GET     /api/bookings 200  
🦊 2026-08-19 01:15:29.822 INFO 30ms GET     /api/bookings/in-progress 200  
🦊 2026-08-19 01:15:29.824 INFO 31ms GET     /api/bookings/date-markers 200  
🦊 2026-08-19 01:15:29.830 INFO 6ms GET     /api/barbershop/list 200  
🦊 2026-08-19 01:15:29.832 INFO 8ms GET     /api/bookings 200  
🦊 2026-08-19 01:15:29.846 INFO 3ms GET     /auth/api/get-session 200  
🦊 2026-08-19 01:15:49.363 INFO 58ms GET     /api/bookings/events 200  
🦊 2026-08-19 01:15:49.364 INFO 59ms GET     /auth/api/get-session 200  
🦊 2026-08-19 01:15:49.376 INFO 0.40ms GET     /api/bookings/date-markers 200  
🦊 2026-08-19 01:15:49.381 INFO 5ms GET     /api/pin/current 200  
🦊 2026-08-19 01:15:49.386 INFO 10ms GET     /api/bookings/in-progress 200  
🦊 2026-08-19 01:15:49.391 INFO 3ms GET     /api/bookings/requests 200  
🦊 2026-08-19 01:15:49.402 INFO 14ms GET     /api/bookings/summary 200  
🦊 2026-08-19 01:15:49.405 INFO 17ms GET     /api/bookings 200  
🦊 2026-08-19 01:15:49.411 INFO 6ms GET     /api/bookings 200  
🦊 2026-08-19 01:15:49.435 INFO 2ms GET     /auth/api/get-session 200  
🦊 2026-08-19 01:16:22.436 INFO 79ms GET     /auth/api/get-session 200  
🦊 2026-08-19 01:16:22.447 INFO 91ms GET     /api/pin/current 200  
🦊 2026-08-19 01:16:22.454 INFO 98ms GET     /api/bookings/events 200  
🦊 2026-08-19 01:16:22.456 INFO 99ms GET     /api/bookings/date-markers 200  
🦊 2026-08-19 01:16:22.470 INFO 6ms GET     /api/bookings/requests 200  
🦊 2026-08-19 01:16:22.470 INFO 7ms GET     /api/bookings/in-progress 200  
🦊 2026-08-19 01:16:22.485 INFO 21ms GET     /api/bookings 200  
🦊 2026-08-19 01:16:22.493 INFO 0.55ms GET     /api/bookings/summary 200  
🦊 2026-08-19 01:16:22.503 INFO 11ms GET     /api/bookings 200  
🦊 2026-08-19 01:16:22.514 INFO 2ms GET     /auth/api/get-session 200  
🦊 2026-08-19 01:17:51.286 INFO 66ms GET     /auth/api/get-session 200  
🦊 2026-08-19 01:17:51.287 INFO 67ms GET     /api/bookings/events 200  
🦊 2026-08-19 01:17:51.294 INFO 3ms GET     /api/pin/current 200  
🦊 2026-08-19 01:17:51.302 INFO 11ms GET     /api/barbershop 200  
🦊 2026-08-19 01:17:51.303 INFO 0.32ms GET     /api/bookings/in-progress 200  
🦊 2026-08-19 01:17:51.311 INFO 0.74ms GET     /api/bookings/requests 200  
🦊 2026-08-19 01:17:51.319 INFO 9ms GET     /api/bookings/date-markers 200  
🦊 2026-08-19 01:17:51.321 INFO 11ms GET     /api/bookings 200  
🦊 2026-08-19 01:17:51.328 INFO 2ms GET     /api/bookings/summary 200  
🦊 2026-08-19 01:17:51.334 INFO 9ms GET     /api/bookings 200  
🦊 2026-08-19 01:17:51.352 INFO 2ms GET     /auth/api/get-session 200  
🦊 2026-08-19 01:19:24.291 INFO 130ms GET     /auth/api/get-session 200  
🦊 2026-08-19 01:21:59.493 INFO 84ms GET     /auth/api/get-session 200  
🦊 2026-08-19 01:21:59.508 INFO 98ms GET     /api/pin/current 200  
🦊 2026-08-19 01:21:59.508 INFO 99ms GET     /api/notifications/unread-count-by-org 200  
🦊 2026-08-19 01:21:59.513 INFO 104ms GET     /api/bookings/events 200  
🦊 2026-08-19 01:21:59.519 INFO 5ms GET     /api/notifications/unread-count 200  
🦊 2026-08-19 01:21:59.519 INFO 6ms GET     /api/open-hours 200  
🦊 2026-08-19 01:21:59.551 INFO 27ms GET     /api/bookings 200  
🦊 2026-08-19 01:21:59.552 INFO 27ms GET     /api/bookings/date-markers 200  
🦊 2026-08-19 01:21:59.559 INFO 34ms GET     /api/bookings/requests 200  
🦊 2026-08-19 01:21:59.559 INFO 35ms GET     /api/bookings/in-progress 200  
🦊 2026-08-19 01:21:59.561 INFO 0.83ms GET     /api/bookings/summary 200  
🦊 2026-08-19 01:21:59.567 INFO 6ms GET     /auth/api/get-session 200  
🦊 2026-08-19 01:21:59.572 INFO 11ms GET     /api/barbershop/list 200  
🦊 2026-08-19 01:21:59.574 INFO 13ms GET     /api/bookings 200  
🦊 2026-08-19 01:22:16.031 INFO 47ms GET     /api/bookings/events 200  
🦊 2026-08-19 01:22:16.033 INFO 49ms GET     /api/pin/current 200  
🦊 2026-08-19 01:22:16.034 INFO 49ms GET     /auth/api/get-session 200  
🦊 2026-08-19 01:22:16.045 INFO 60ms GET     /api/bookings/in-progress 200  
🦊 2026-08-19 01:22:16.056 INFO 10ms GET     /api/bookings/requests 200  
🦊 2026-08-19 01:22:16.056 INFO 10ms GET     /api/bookings/date-markers 200  
🦊 2026-08-19 01:22:16.064 INFO 18ms GET     /api/bookings 200  
🦊 2026-08-19 01:22:16.065 INFO 0.82ms GET     /api/bookings/summary 200  
🦊 2026-08-19 01:22:16.072 INFO 8ms GET     /api/bookings 200  
🦊 2026-08-19 01:22:16.094 INFO 2ms GET     /auth/api/get-session 200  
🦊 2026-08-19 01:22:17.584 INFO 13ms GET     /api/bookings 200  
🦊 2026-08-19 01:22:19.211 INFO 107ms GET     /api/analytics 200  
🦊 2026-08-19 01:23:50.408 INFO 49ms GET     /api/bookings/events 200  
🦊 2026-08-19 01:23:50.408 INFO 49ms GET     /api/pin/current 200  
🦊 2026-08-19 01:23:50.410 INFO 51ms GET     /auth/api/get-session 200  
🦊 2026-08-19 01:23:50.421 INFO 6ms GET     /api/bookings/in-progress 200  
🦊 2026-08-19 01:23:50.423 INFO 8ms GET     /api/barbershop 200  
🦊 2026-08-19 01:23:50.430 INFO 0.41ms GET     /api/bookings/requests 200  
🦊 2026-08-19 01:23:50.431 INFO 0.97ms GET     /api/bookings 200  
🦊 2026-08-19 01:23:50.431 INFO 1ms GET     /api/bookings/date-markers 200  
🦊 2026-08-19 01:23:50.443 INFO 6ms GET     /api/bookings/summary 200  
🦊 2026-08-19 01:23:50.470 INFO 34ms GET     /api/bookings 200  
🦊 2026-08-19 01:23:50.493 INFO 12ms GET     /auth/api/get-session 200  
🦊 2026-08-19 01:23:50.528 INFO 47ms GET     /api/analytics 200  
🦊 2026-08-19 01:26:05.078 INFO 46ms GET     /auth/api/get-session 200  
🦊 2026-08-19 01:26:05.089 INFO 56ms GET     /api/pin/current 200  
🦊 2026-08-19 01:26:05.092 INFO 60ms GET     /api/bookings/events 200  
🦊 2026-08-19 01:26:05.093 INFO 0.55ms GET     /api/bookings/requests 200  
🦊 2026-08-19 01:26:05.099 INFO 5ms GET     /api/bookings/in-progress 200  
🦊 2026-08-19 01:26:05.100 INFO 0.48ms GET     /api/bookings/date-markers 200  
🦊 2026-08-19 01:26:05.114 INFO 14ms GET     /api/bookings 200  
🦊 2026-08-19 01:26:05.117 INFO 17ms GET     /api/bookings/summary 200  
🦊 2026-08-19 01:26:05.166 INFO 19ms GET     /auth/api/get-session 200  
🦊 2026-08-19 01:26:05.170 INFO 24ms GET     /api/bookings 200  
🦊 2026-08-19 01:26:05.188 INFO 41ms GET     /api/analytics 200  
🦊 2026-08-19 01:26:27.141 INFO 57ms GET     /api/bookings/events 200  
🦊 2026-08-19 01:26:27.145 INFO 60ms GET     /auth/api/get-session 200  
🦊 2026-08-19 01:26:27.145 INFO 60ms GET     /api/pin/current 200  
🦊 2026-08-19 01:26:27.156 INFO 72ms GET     /api/bookings/date-markers 200  
🦊 2026-08-19 01:26:27.157 INFO 0.19ms GET     /api/bookings/in-progress 200  
🦊 2026-08-19 01:26:27.163 INFO 6ms GET     /api/bookings/requests 200  
🦊 2026-08-19 01:26:27.170 INFO 13ms GET     /api/bookings 200  
🦊 2026-08-19 01:26:27.170 INFO 14ms GET     /api/bookings/summary 200  
🦊 2026-08-19 01:26:27.177 INFO 6ms GET     /api/bookings 200  
🦊 2026-08-19 01:26:27.210 INFO 2ms GET     /auth/api/get-session 200  
🦊 2026-08-19 01:26:29.839 INFO 10ms GET     /auth/api/get-session 200  
🦊 2026-08-19 01:26:29.856 INFO 27ms GET     /auth/api/organization/list-members 200  
🦊 2026-08-19 01:26:29.857 INFO 28ms GET     /auth/api/organization/list-invitations 200  
🦊 2026-08-19 01:26:29.921 INFO 2ms GET     /auth/api/organization/get-active-member 200  
🦊 2026-08-19 01:26:29.921 INFO 3ms GET     /auth/api/organization/get-full-organization 200  
🦊 2026-08-19 01:27:07.371 INFO 55ms GET     /api/bookings/events 200  
🦊 2026-08-19 01:27:07.372 INFO 56ms GET     /api/open-hours 200  
🦊 2026-08-19 01:27:07.373 INFO 56ms GET     /auth/api/get-session 200  
🦊 2026-08-19 01:27:07.374 INFO 58ms GET     /api/notifications/unread-count 200  
🦊 2026-08-19 01:27:07.375 INFO 58ms GET     /api/notifications/unread-count-by-org 200  
🦊 2026-08-19 01:27:07.377 INFO 2ms GET     /api/pin/current 200  
🦊 2026-08-19 01:27:07.395 INFO 14ms GET     /api/bookings/in-progress 200  
🦊 2026-08-19 01:27:07.400 INFO 0.28ms GET     /api/bookings/requests 200  
🦊 2026-08-19 01:27:07.408 INFO 8ms GET     /api/bookings/date-markers 200  
🦊 2026-08-19 01:27:07.409 INFO 1ms GET     /api/bookings/summary 200  
🦊 2026-08-19 01:27:07.413 INFO 5ms GET     /api/bookings 200  
🦊 2026-08-19 01:27:07.445 INFO 31ms GET     /api/barbershop/list 200  
🦊 2026-08-19 01:27:07.471 INFO 14ms GET     /auth/api/get-session 200  
🦊 2026-08-19 01:27:07.476 INFO 19ms GET     /api/bookings 200  
🦊 2026-08-19 01:27:07.479 INFO 22ms GET     /api/analytics 200  
🦊 2026-08-19 01:27:46.072 INFO 43ms GET     /auth/api/get-session 200  
🦊 2026-08-19 01:27:46.084 INFO 55ms GET     /api/bookings/events 200  
🦊 2026-08-19 01:27:46.085 INFO 57ms GET     /api/bookings/date-markers 200  
🦊 2026-08-19 01:27:46.091 INFO 5ms GET     /api/pin/current 200  
🦊 2026-08-19 01:27:46.092 INFO 0.61ms GET     /api/bookings/requests 200  
🦊 2026-08-19 01:27:46.097 INFO 6ms GET     /api/bookings/in-progress 200  
🦊 2026-08-19 01:27:46.110 INFO 19ms GET     /api/bookings 200  
🦊 2026-08-19 01:27:46.110 INFO 19ms GET     /api/bookings/summary 200  
🦊 2026-08-19 01:27:46.120 INFO 10ms GET     /api/bookings 200  
🦊 2026-08-19 01:27:46.148 INFO 6ms GET     /auth/api/get-session 200  
🦊 2026-08-19 01:28:58.546 INFO 54ms GET     /api/bookings/events 200  
🦊 2026-08-19 01:28:58.547 INFO 55ms GET     /auth/api/get-session 200  
🦊 2026-08-19 01:28:58.554 INFO 62ms GET     /api/pin/current 200  
🦊 2026-08-19 01:28:58.571 INFO 5ms GET     /api/barbershop 200  
🦊 2026-08-19 01:28:58.571 INFO 6ms GET     /api/bookings/in-progress 200  
🦊 2026-08-19 01:28:58.575 INFO 10ms GET     /api/bookings/requests 200  
🦊 2026-08-19 01:28:58.583 INFO 1ms GET     /api/bookings/date-markers 200  
🦊 2026-08-19 01:28:58.593 INFO 12ms GET     /api/bookings 200  
🦊 2026-08-19 01:28:58.598 INFO 0.26ms GET     /api/bookings/summary 200  
🦊 2026-08-19 01:28:58.674 INFO 48ms GET     /auth/api/get-session 200  
🦊 2026-08-19 01:28:58.679 INFO 52ms GET     /api/bookings 200  
🦊 2026-08-19 01:28:58.687 INFO 61ms GET     /api/analytics 200  
🦊 2026-08-19 01:31:11.607 INFO 48ms GET     /auth/api/get-session 200  
🦊 2026-08-19 01:31:11.616 INFO 57ms GET     /api/pin/current 200  
🦊 2026-08-19 01:31:11.624 INFO 65ms GET     /api/bookings/events 200  
🦊 2026-08-19 01:31:11.626 INFO 2ms GET     /api/bookings/date-markers 200  
🦊 2026-08-19 01:31:11.657 INFO 2ms GET     /api/bookings/in-progress 200  
🦊 2026-08-19 01:31:11.657 INFO 3ms GET     /api/bookings/requests 200  
🦊 2026-08-19 01:31:11.673 INFO 19ms GET     /api/bookings 200  
🦊 2026-08-19 01:31:11.675 INFO 21ms GET     /api/bookings/summary 200  
🦊 2026-08-19 01:31:11.882 INFO 38ms GET     /auth/api/get-session 200  
🦊 2026-08-19 01:31:11.890 INFO 46ms GET     /api/bookings 200  
🦊 2026-08-19 01:31:11.895 INFO 51ms GET     /api/analytics 200  
🦊 2026-08-19 01:31:57.693 INFO 99ms GET     /auth/api/get-session 200  
🦊 2026-08-19 01:31:57.700 INFO 106ms GET     /api/bookings/events 200  
🦊 2026-08-19 01:31:57.720 INFO 126ms GET     /api/pin/current 200  
🦊 2026-08-19 01:31:57.722 INFO 0.73ms GET     /api/bookings/date-markers 200  
🦊 2026-08-19 01:31:57.723 INFO 2ms GET     /api/bookings/in-progress 200  
🦊 2026-08-19 01:31:57.730 INFO 0.82ms GET     /api/bookings/requests 200  
🦊 2026-08-19 01:31:57.741 INFO 12ms GET     /api/bookings 200  
🦊 2026-08-19 01:31:57.741 INFO 12ms GET     /api/bookings/summary 200  
🦊 2026-08-19 01:31:57.751 INFO 9ms GET     /api/bookings 200  
🦊 2026-08-19 01:31:57.771 INFO 4ms GET     /auth/api/get-session 200  
🦊 2026-08-19 01:32:05.538 INFO 3ms GET     /auth/api/get-session 200  
🦊 2026-08-19 01:32:05.560 INFO 7ms GET     /api/bookings/events 200  
🦊 2026-08-19 01:32:05.560 INFO 8ms GET     /api/pin/current 200  
🦊 2026-08-19 01:32:05.572 INFO 0.34ms GET     /api/bookings/date-markers 200  
🦊 2026-08-19 01:32:05.577 INFO 5ms GET     /api/bookings/requests 200  
🦊 2026-08-19 01:32:05.581 INFO 10ms GET     /api/bookings/in-progress 200  
🦊 2026-08-19 01:32:05.587 INFO 16ms GET     /api/bookings/summary 200  
🦊 2026-08-19 01:32:05.588 INFO 16ms GET     /api/bookings 200  
🦊 2026-08-19 01:32:05.600 INFO 10ms GET     /api/bookings 200  
🦊 2026-08-19 01:32:05.619 INFO 2ms GET     /auth/api/get-session 200  
🦊 2026-08-19 01:33:08.656 INFO 52ms GET     /auth/api/get-session 200  
🦊 2026-08-19 01:33:08.661 INFO 57ms GET     /api/bookings/events 200  
🦊 2026-08-19 01:33:08.662 INFO 0.62ms GET     /api/open-hours 200  
🦊 2026-08-19 01:33:08.663 INFO 1ms GET     /api/notifications/unread-count 200  
🦊 2026-08-19 01:33:08.663 INFO 2ms GET     /api/pin/current 200  
🦊 2026-08-19 01:33:08.663 INFO 2ms GET     /api/notifications/unread-count-by-org 200  
🦊 2026-08-19 01:33:08.683 INFO 16ms GET     /api/bookings/requests 200  
🦊 2026-08-19 01:33:08.693 INFO 25ms GET     /api/bookings/in-progress 200  
🦊 2026-08-19 01:33:08.693 INFO 26ms GET     /api/bookings/date-markers 200  
🦊 2026-08-19 01:33:08.695 INFO 1ms GET     /api/bookings 200  
🦊 2026-08-19 01:33:08.699 INFO 6ms GET     /api/bookings/summary 200  
🦊 2026-08-19 01:33:08.732 INFO 32ms GET     /api/barbershop/list 200  
🦊 2026-08-19 01:33:08.732 INFO 32ms GET     /api/bookings 200  
🦊 2026-08-19 01:33:08.747 INFO 14ms GET     /auth/api/get-session 200  
🦊 2026-08-19 01:33:08.792 INFO 60ms GET     /api/analytics 200  
🦊 2026-08-19 01:33:11.550 INFO 8ms GET     /api/bookings/events 200  
🦊 2026-08-19 01:33:11.558 INFO 15ms GET     /api/bookings/summary 200  
🦊 2026-08-19 01:33:11.561 INFO 19ms GET     /api/bookings 200  
🦊 2026-08-19 01:33:11.569 INFO 0.52ms GET     /api/bookings/requests 200  
🦊 2026-08-19 01:33:11.569 INFO 0.12ms GET     /api/bookings/in-progress 200  
🦊 2026-08-19 01:33:11.570 INFO 0.47ms GET     /api/bookings/date-markers 200  
🦊 2026-08-19 01:33:11.572 INFO 3ms GET     /api/pin/current 200  
🦊 2026-08-19 01:33:11.578 INFO 9ms GET     /api/bookings 200  
🦊 2026-08-19 01:37:53.760 INFO 79ms GET     /api/pin/current 200  
🦊 2026-08-19 01:37:53.773 INFO 92ms GET     /auth/api/get-session 200  
🦊 2026-08-19 01:37:53.774 INFO 94ms GET     /api/bookings/events 200  
🦊 2026-08-19 01:37:53.782 INFO 5ms GET     /api/barbershop 200  
🦊 2026-08-19 01:37:53.782 INFO 5ms GET     /api/bookings/in-progress 200  
🦊 2026-08-19 01:37:53.783 INFO 5ms GET     /api/bookings/requests 200  
🦊 2026-08-19 01:37:53.794 INFO 8ms GET     /api/bookings/date-markers 200  
🦊 2026-08-19 01:37:53.810 INFO 24ms GET     /api/bookings 200  
🦊 2026-08-19 01:37:53.811 INFO 25ms GET     /api/bookings/summary 200  
🦊 2026-08-19 01:37:53.854 INFO 9ms GET     /auth/api/get-session 200  
🦊 2026-08-19 01:37:53.868 INFO 23ms GET     /api/bookings 200  
🦊 2026-08-19 01:37:53.884 INFO 39ms GET     /api/analytics 200  
🦊 2026-08-19 01:39:22.791 INFO 55ms GET     /api/bookings/events 200  
🦊 2026-08-19 01:39:22.792 INFO 55ms GET     /auth/api/get-session 200  
🦊 2026-08-19 01:39:22.792 INFO 56ms GET     /api/open-hours 200  
🦊 2026-08-19 01:39:22.798 INFO 3ms GET     /api/pin/current 200  
🦊 2026-08-19 01:39:22.798 INFO 3ms GET     /api/notifications/unread-count 200  
🦊 2026-08-19 01:39:22.799 INFO 3ms GET     /api/notifications/unread-count-by-org 200  
🦊 2026-08-19 01:39:22.820 INFO 11ms GET     /api/bookings/requests 200  
🦊 2026-08-19 01:39:22.820 INFO 12ms GET     /api/bookings/date-markers 200  
🦊 2026-08-19 01:39:22.822 INFO 13ms GET     /api/bookings/in-progress 200  
🦊 2026-08-19 01:39:22.832 INFO 5ms GET     /api/bookings 200  
🦊 2026-08-19 01:39:22.836 INFO 1ms GET     /api/bookings/summary 200  
🦊 2026-08-19 01:39:22.867 INFO 32ms GET     /api/barbershop/list 200  
🦊 2026-08-19 01:39:22.879 INFO 12ms GET     /auth/api/get-session 200  
🦊 2026-08-19 01:39:22.880 INFO 13ms GET     /api/bookings 200  
🦊 2026-08-19 01:39:22.902 INFO 34ms GET     /api/analytics 200  
🦊 2026-08-19 01:39:31.120 INFO 20ms GET     /api/bookings 200  
