$ expo start --web
env: load .env
env: export EXPO_PUBLIC_ENV_API_URL EXPO_PUBLIC_ENV_AUTH_URL EXPO_PUBLIC_ENV_CODE EXPO_PUBLIC_VAPID_PUBLIC_KEY EXPO_PUBLIC_WEB_URL
Starting project at /Users/ripa/Projects/cukkr/cukkr-frontend
Starting Metro Bundler

The following packages should be updated for best compatibility with the installed expo version:
  expo@55.0.27 - expected version: ~55.0.29
  expo-clipboard@55.0.13 - expected version: ~55.0.16
  expo-constants@55.0.16 - expected version: ~55.0.17
  expo-image@55.0.10 - expected version: ~55.0.11
  expo-image-manipulator@55.0.19 - expected version: ~55.0.20
  expo-linking@55.0.15 - expected version: ~55.0.17
  expo-network@55.0.13 - expected version: ~55.0.17
  expo-router@55.0.14 - expected version: ~55.0.18
  expo-secure-store@55.0.13 - expected version: ~55.0.17
  expo-splash-screen@55.0.22 - expected version: ~55.0.24
  expo-web-browser@55.0.15 - expected version: ~55.0.19
  react-native@0.83.6 - expected version: 0.83.10
  react-native-view-shot@5.1.1 - expected version: 4.0.3
Your project may not work correctly until you install the expected versions of the packages.
Waiting on http://localhost:8081
Logs for your project will appear below.
Web node_modules/expo-router/entry.js ░░░░░░░░░░░░░░░░  0.0% (0/1)
 LOG  [web] Logs will appear in the browser console
Web Bundled 1178ms node_modules/@tanstack/query-devtools/build/DevtoolsComponent/3PTWN7RB.js (1 module)
Web Bundled 1837ms node_modules/expo-router/entry.js (2517 modules)
Web node_modules/expo-router/entry.js ░░░░░░░░░░░░░░░░  0.0% (0/1)
Web Bundled 86ms node_modules/expo-router/entry.js (1 module)
 LOG  [web] Logs will appear in the browser console
Web Bundled 22ms node_modules/@tanstack/query-devtools/build/DevtoolsComponent/3PTWN7RB.js (1 module)
Web node_modules/expo-router/entry.js ░░░░░░░░░░░░░░░░  0.0% (0/1)
Web Bundled 128ms node_modules/expo-router/entry.js (1 module)
 LOG  [web] Logs will appear in the browser console
Web Bundled 38ms node_modules/@tanstack/query-devtools/build/DevtoolsComponent/3PTWN7RB.js (1 module)
Web node_modules/expo-router/entry.js ░░░░░░░░░░░░░░░░  0.0% (0/1)
Web Bundled 265ms node_modules/expo-router/entry.js (1 module)
 LOG  [web] Logs will appear in the browser console
Web Bundled 67ms node_modules/@tanstack/query-devtools/build/DevtoolsComponent/3PTWN7RB.js (1 module)
Web node_modules/expo-router/entry.js ░░░░░░░░░░░░░░░░  0.0% (0/1)
Web Bundled 95ms node_modules/expo-router/entry.js (1 module)
 LOG  [web] Logs will appear in the browser console
Web Bundled 19ms node_modules/@tanstack/query-devtools/build/DevtoolsComponent/3PTWN7RB.js (1 module)
Web node_modules/expo-router/entry.js ░░░░░░░░░░░░░░░░  0.0% (0/1)
Web Bundled 144ms node_modules/expo-router/entry.js (1 module)
 LOG  [web] Logs will appear in the browser console
Web Bundled 9ms node_modules/@tanstack/query-devtools/build/DevtoolsComponent/3PTWN7RB.js (1 module)
Web node_modules/expo-router/entry.js ░░░░░░░░░░░░░░░░  0.0% (0/1)
Web Bundled 131ms node_modules/expo-router/entry.js (1 module)
 LOG  [web] Logs will appear in the browser console
Web Bundled 6ms node_modules/@tanstack/query-devtools/build/DevtoolsComponent/3PTWN7RB.js (1 module)
Web node_modules/expo-router/entry.js ░░░░░░░░░░░░░░░░  0.0% (0/1)
Web Bundled 89ms node_modules/expo-router/entry.js (1 module)
 LOG  [web] Logs will appear in the browser console
Web Bundled 3ms node_modules/@tanstack/query-devtools/build/DevtoolsComponent/3PTWN7RB.js (1 module)
Web node_modules/expo-router/entry.js ░░░░░░░░░░░░░░░░  0.0% (0/1)
Web Bundled 98ms node_modules/expo-router/entry.js (1 module)
 LOG  [web] Logs will appear in the browser console
Web Bundled 3ms node_modules/@tanstack/query-devtools/build/DevtoolsComponent/3PTWN7RB.js (1 module)
Web Bundled 151ms node_modules/expo-router/entry.js (1 module)
 LOG  [web] Logs will appear in the browser console
Web Bundled 10ms node_modules/@tanstack/query-devtools/build/DevtoolsComponent/3PTWN7RB.js (1 module)
Web Bundled 342ms node_modules/expo-router/entry.js (1 module)
 LOG  [web] Logs will appear in the browser console
Web Bundled 36ms node_modules/@tanstack/query-devtools/build/DevtoolsComponent/3PTWN7RB.js (1 module)
Web node_modules/expo-router/entry.js ░░░░░░░░░░░░░░░░  0.0% (0/1)
Web Bundled 111ms node_modules/expo-router/entry.js (1 module)
 LOG  [web] Logs will appear in the browser console
Web Bundled 20ms node_modules/@tanstack/query-devtools/build/DevtoolsComponent/3PTWN7RB.js (1 module)
Web node_modules/expo-router/entry.js ░░░░░░░░░░░░░░░░  0.0% (0/1)
Web Bundled 125ms node_modules/expo-router/entry.js (1 module)
 LOG  [web] Logs will appear in the browser console
Web Bundled 19ms node_modules/@tanstack/query-devtools/build/DevtoolsComponent/3PTWN7RB.js (1 module)
Web node_modules/expo-router/entry.js ░░░░░░░░░░░░░░░░  0.0% (0/1)
Web Bundled 130ms node_modules/expo-router/entry.js (1 module)
 LOG  [web] Logs will appear in the browser console
Web Bundled 2ms node_modules/@tanstack/query-devtools/build/DevtoolsComponent/3PTWN7RB.js (1 module)
Web Bundled 216ms node_modules/expo-router/entry.js (1 module)
Web node_modules/expo-router/entry.js ░░░░░░░░░░░░░░░░  0.0% (0/1)
 LOG  [web] Logs will appear in the browser console
Web Bundled 20ms node_modules/@tanstack/query-devtools/build/DevtoolsComponent/3PTWN7RB.js (1 module)
